2026-09-08T07:51:10.230870+00:00 ansible-node helpdesk-dr[268504]: primary ready (5/2)
2026-09-08T07:51:30.488148+00:00 ansible-node helpdesk-dr[268504]: primary ready (6/2)
2026-09-08T07:51:50.663061+00:00 ansible-node helpdesk-dr[268504]: primary ready (7/2)
2026-09-08T07:52:10.848540+00:00 ansible-node helpdesk-dr[268504]: primary ready (8/2)
2026-09-08T07:52:31.015186+00:00 ansible-node helpdesk-dr[268504]: primary ready (9/2)
2026-09-08T07:52:51.191525+00:00 ansible-node helpdesk-dr[268504]: primary ready (10/2)
2026-09-08T07:53:11.375310+00:00 ansible-node helpdesk-dr[268504]: primary ready (11/2)
2026-09-08T07:53:31.545288+00:00 ansible-node helpdesk-dr[268504]: primary ready (12/2)
2026-09-08T07:53:51.792994+00:00 ansible-node helpdesk-dr[268504]: primary ready (13/2)
2026-09-08T07:54:11.959843+00:00 ansible-node helpdesk-dr[268504]: primary ready (14/2)
2026-09-08T07:54:32.177797+00:00 ansible-node helpdesk-dr[268504]: primary ready (15/2)
2026-09-08T07:54:52.369249+00:00 ansible-node helpdesk-dr[268504]: primary ready (16/2)
2026-09-08T07:55:12.579441+00:00 ansible-node helpdesk-dr[268504]: primary ready (17/2)
2026-09-08T07:55:32.769597+00:00 ansible-node helpdesk-dr[268504]: primary ready (18/2)
2026-09-08T07:55:52.978075+00:00 ansible-node helpdesk-dr[268504]: primary ready (19/2)
2026-09-08T07:56:13.178165+00:00 ansible-node helpdesk-dr[268504]: primary ready (20/2)
2026-09-08T07:56:33.388938+00:00 ansible-node helpdesk-dr[268504]: primary ready (21/2)
2026-09-08T07:56:53.608049+00:00 ansible-node helpdesk-dr[268504]: primary ready (22/2)
2026-09-08T07:57:13.807969+00:00 ansible-node helpdesk-dr[268504]: primary ready (23/2)
2026-09-08T07:57:34.017837+00:00 ansible-node helpdesk-dr[268504]: primary ready (24/2)
2026-09-08T07:57:54.269058+00:00 ansible-node helpdesk-dr[268504]: primary ready (25/2)
2026-09-08T07:58:14.479049+00:00 ansible-node helpdesk-dr[268504]: primary ready (26/2)
2026-09-08T07:58:34.493191+00:00 ansible-node helpdesk-dr[276428]: curl: (7) Failed to connect to k8s-heliosde-heliospu-c8e7d67565-686221682.eu-south-1.elb.amazonaws.com port 443 after 1 ms: Couldn't connect to server
2026-09-08T07:58:34.495150+00:00 ansible-node helpdesk-dr[268504]: primary not ready (1/3)
2026-09-08T07:58:54.506725+00:00 ansible-node helpdesk-dr[276456]: curl: (7) Failed to connect to k8s-heliosde-heliospu-c8e7d67565-686221682.eu-south-1.elb.amazonaws.com port 443 after 1 ms: Couldn't connect to server
2026-09-08T07:58:54.509023+00:00 ansible-node helpdesk-dr[268504]: primary not ready (2/3)
2026-09-08T07:59:14.576647+00:00 ansible-node helpdesk-dr[276484]: curl: (7) Failed to connect to k8s-heliosde-heliospu-c8e7d67565-686221682.eu-south-1.elb.amazonaws.com port 443 after 59 ms: Couldn't connect to server
2026-09-08T07:59:14.579118+00:00 ansible-node helpdesk-dr[268504]: primary not ready (3/3)
2026-09-08T07:59:14.583090+00:00 ansible-node helpdesk-dr[268504]: Primary failed health threshold. Running the Ansible failover playbook...
2026-09-08T07:59:15.290914+00:00 ansible-node helpdesk-dr[276512]: PLAY [Orchestrate reverse DR from the Ansible control node] ********************
2026-09-08T07:59:15.290914+00:00 ansible-node helpdesk-dr[276512]: TASK [Gathering Facts] *********************************************************
2026-09-08T07:59:15.681960+00:00 ansible-node python3[276573]: ansible-ansible.legacy.setup Invoked with gather_subset=['all'] gather_timeout=10 filter=[] fact_path=/etc/ansible/facts.d
2026-09-08T07:59:16.447344+00:00 ansible-node helpdesk-dr[276512]: ok: [localhost]
2026-09-08T07:59:16.447344+00:00 ansible-node helpdesk-dr[276512]: TASK [Enforce the dedicated DR coordinator] ************************************
2026-09-08T07:59:16.464944+00:00 ansible-node helpdesk-dr[276512]: ok: [localhost] => {
2026-09-08T07:59:16.464944+00:00 ansible-node helpdesk-dr[276512]:     "changed": false,
2026-09-08T07:59:16.464944+00:00 ansible-node helpdesk-dr[276512]:     "msg": "All assertions passed"
2026-09-08T07:59:16.464944+00:00 ansible-node helpdesk-dr[276512]: }
2026-09-08T07:59:16.464944+00:00 ansible-node helpdesk-dr[276512]: TASK [Read current DR state] ***************************************************
2026-09-08T07:59:16.640385+00:00 ansible-node python3[276714]: ansible-ansible.legacy.command Invoked with argv=['bash', '-lc', 'source scripts/common/lib.sh && read_dr_state'] chdir=/opt/helpdesk-dr _uses_shell=False expand_argument_vars=True stdin_add_newline=True strip_empty_ends=True _raw_params=None executable=None creates=None removes=None stdin=None
2026-09-08T07:59:16.673221+00:00 ansible-node helpdesk-dr[276512]: ok: [localhost]
2026-09-08T07:59:16.673221+00:00 ansible-node helpdesk-dr[276512]: TASK [Require the atomic promoting state set by the failover wrapper] **********
2026-09-08T07:59:16.715021+00:00 ansible-node helpdesk-dr[276512]: ok: [localhost] => {
2026-09-08T07:59:16.715021+00:00 ansible-node helpdesk-dr[276512]:     "changed": false,
2026-09-08T07:59:16.715021+00:00 ansible-node helpdesk-dr[276512]:     "msg": "All assertions passed"
2026-09-08T07:59:16.715021+00:00 ansible-node helpdesk-dr[276512]: }
2026-09-08T07:59:16.715021+00:00 ansible-node helpdesk-dr[276512]: TASK [Start the measured failover stopwatch] ***********************************
2026-09-08T07:59:16.843864+00:00 ansible-node python3[276747]: ansible-ansible.legacy.command Invoked with argv=['date', '+%s'] _uses_shell=False expand_argument_vars=True stdin_add_newline=True strip_empty_ends=True _raw_params=None chdir=None executable=None creates=None removes=None stdin=None
2026-09-08T07:59:16.874993+00:00 ansible-node helpdesk-dr[276512]: ok: [localhost]
2026-09-08T07:59:16.874993+00:00 ansible-node helpdesk-dr[276512]: TASK [Restore the latest verified S3 backup on-prem] ***************************
2026-09-08T07:59:17.025341+00:00 ansible-node python3[276770]: ansible-ansible.legacy.command Invoked with argv=['bash', 'scripts/restore/restore-onprem.sh', ''] chdir=/opt/helpdesk-dr _uses_shell=False expand_argument_vars=True stdin_add_newline=True strip_empty_ends=True _raw_params=None executable=None creates=None removes=None stdin=None
2026-09-08T07:59:42.037177+00:00 ansible-node helpdesk-dr[276512]: changed: [localhost]
2026-09-08T07:59:42.037177+00:00 ansible-node helpdesk-dr[276512]: TASK [Verify the on-prem Lambda DR runtime] ************************************
2026-09-08T07:59:42.168595+00:00 ansible-node python3[281502]: ansible-ansible.legacy.command Invoked with argv=['bash', 'scripts/failover/verify-lambda-dr.sh'] chdir=/opt/helpdesk-dr _uses_shell=False expand_argument_vars=True stdin_add_newline=True strip_empty_ends=True _raw_params=None executable=None creates=None removes=None stdin=None
2026-09-08T07:59:50.830846+00:00 ansible-node helpdesk-dr[276512]: ok: [localhost]
2026-09-08T07:59:50.830846+00:00 ansible-node helpdesk-dr[276512]: TASK [Verify that OpenBao is reachable and unsealed] ***************************
2026-09-08T07:59:50.965868+00:00 ansible-node python3[282943]: ansible-ansible.legacy.command Invoked with argv=['lxc', 'exec', 'vault-openbao', '--', 'env', 'BAO_ADDR=https://127.0.0.1:8200', 'BAO_CACERT=/etc/openbao/tls/tls.crt', '/usr/local/bin/bao', 'status'] _uses_shell=False expand_argument_vars=True stdin_add_newline=True strip_empty_ends=True _raw_params=None chdir=None executable=None creates=None removes=None stdin=None
2026-09-08T07:59:51.649613+00:00 ansible-node helpdesk-dr[276512]: ok: [localhost]
2026-09-08T07:59:51.649613+00:00 ansible-node helpdesk-dr[276512]: TASK [Promote on-prem workloads with Keycloak and switch authoritative DNS] ****
2026-09-08T07:59:51.792641+00:00 ansible-node python3[283019]: ansible-ansible.legacy.command Invoked with argv=['bash', 'scripts/failover/promote-onprem.sh'] chdir=/opt/helpdesk-dr _uses_shell=False expand_argument_vars=True stdin_add_newline=True strip_empty_ends=True _raw_params=None executable=None creates=None removes=None stdin=None
2026-09-08T08:00:41.390440+00:00 ansible-node helpdesk-dr[276512]: changed: [localhost]
2026-09-08T08:00:41.390440+00:00 ansible-node helpdesk-dr[276512]: TASK [Stop the measured failover stopwatch] ************************************
2026-09-08T08:00:41.578356+00:00 ansible-node python3[290490]: ansible-ansible.legacy.command Invoked with argv=['date', '+%s'] _uses_shell=False expand_argument_vars=True stdin_add_newline=True strip_empty_ends=True _raw_params=None chdir=None executable=None creates=None removes=None stdin=None
2026-09-08T08:00:41.602556+00:00 ansible-node helpdesk-dr[276512]: ok: [localhost]
2026-09-08T08:00:41.602556+00:00 ansible-node helpdesk-dr[276512]: TASK [Record the measured failover duration for the dashboard] *****************
2026-09-08T08:00:41.763157+00:00 ansible-node python3[290513]: ansible-ansible.legacy.command Invoked with argv=['bash', 'scripts/failover/record-dr-telemetry.sh', 'failover.last_promotion', '85', '{"playbook":"failover.yml","site":"onprem", "scope":"restore+identity-preflight+promotion+dns"}'] chdir=/opt/helpdesk-dr _uses_shell=False expand_argument_vars=True stdin_add_newline=True strip_empty_ends=True _raw_params=None executable=None creates=None removes=None stdin=None
2026-09-08T08:00:41.789114+00:00 ansible-node helpdesk-dr[276512]: ok: [localhost]
2026-09-08T08:00:41.789114+00:00 ansible-node helpdesk-dr[276512]: TASK [Warn when the failover duration could not be published] ******************
2026-09-08T08:00:41.819965+00:00 ansible-node helpdesk-dr[276512]: ok: [localhost] => {
2026-09-08T08:00:41.819965+00:00 ansible-node helpdesk-dr[276512]:     "msg": "Failover completato ma la metrica RTO non e' stata registrata (rc=1). La dashboard mostrera' l'RTO come non disponibile."
2026-09-08T08:00:41.819965+00:00 ansible-node helpdesk-dr[276512]: }
2026-09-08T08:00:41.819965+00:00 ansible-node helpdesk-dr[276512]: PLAY RECAP *********************************************************************
2026-09-08T08:00:41.819965+00:00 ansible-node helpdesk-dr[276512]: localhost                  : ok=12   changed=2    unreachable=0    failed=0    skipped=0    rescued=0    ignored=0
2026-09-08T08:00:41.893081+00:00 ansible-node helpdesk-dr[276492]: Failover committed in DR state.
2026-09-08T08:01:02.007009+00:00 ansible-node helpdesk-dr[290571]: curl: (7) Failed to connect to k8s-heliosde-heliospu-c8e7d67565-686221682.eu-south-1.elb.amazonaws.com port 443 after 103 ms: Couldn't connect to server
2026-09-08T08:01:02.008977+00:00 ansible-node helpdesk-dr[268504]: primary not ready (1/3)
2026-09-08T08:01:22.059020+00:00 ansible-node helpdesk-dr[290599]: curl: (7) Failed to connect to k8s-heliosde-heliospu-c8e7d67565-686221682.eu-south-1.elb.amazonaws.com port 443 after 39 ms: Couldn't connect to server
2026-09-08T08:01:22.061173+00:00 ansible-node helpdesk-dr[268504]: primary not ready (2/3)
2026-09-08T08:01:42.299519+00:00 ansible-node helpdesk-dr[268504]: primary ready (1/2)
2026-09-08T08:02:02.406580+00:00 ansible-node helpdesk-dr[290694]: curl: (7) Failed to connect to k8s-heliosde-heliospu-c8e7d67565-686221682.eu-south-1.elb.amazonaws.com port 443 after 97 ms: Couldn't connect to server
2026-09-08T08:02:02.408544+00:00 ansible-node helpdesk-dr[268504]: primary not ready (1/3)
2026-09-08T08:02:22.421288+00:00 ansible-node helpdesk-dr[290721]: curl: (7) Failed to connect to k8s-heliosde-heliospu-c8e7d67565-686221682.eu-south-1.elb.amazonaws.com port 443 after 1 ms: Couldn't connect to server
2026-09-08T08:02:22.423187+00:00 ansible-node helpdesk-dr[268504]: primary not ready (2/3)
2026-09-08T08:02:42.666667+00:00 ansible-node helpdesk-dr[268504]: primary ready (1/2)
