2026-09-08T07:51:07.924057+00:00 ansible-node systemd[1]: Starting helpdesk-dr-backup-mirror.service - Helios DR backup mirror from the primary S3 bucket...
2026-09-08T07:51:15.573017+00:00 ansible-node helpdesk-dr[275246]: sort: write failed: 'standard output': Broken pipe
2026-09-08T07:51:15.573650+00:00 ansible-node helpdesk-dr[275246]: sort: write error
2026-09-08T07:51:17.213659+00:00 ansible-node helpdesk-dr[275193]: Mirrored 20260908T075001Z.dump
2026-09-08T07:51:17.219296+00:00 ansible-node helpdesk-dr[275193]: Pruned 20260908T074601Z.dump
2026-09-08T07:51:17.221230+00:00 ansible-node helpdesk-dr[275193]: Mirror sync complete: kept the newest 2 backup(s) in /srv/helpdesk-dr-mirror/postgres.
2026-09-08T07:51:17.221906+00:00 ansible-node systemd[1]: helpdesk-dr-backup-mirror.service: Deactivated successfully.
2026-09-08T07:51:17.222107+00:00 ansible-node systemd[1]: Finished helpdesk-dr-backup-mirror.service - Helios DR backup mirror from the primary S3 bucket.
2026-09-08T07:51:17.222277+00:00 ansible-node systemd[1]: helpdesk-dr-backup-mirror.service: Consumed 4.194s CPU time.
2026-09-08T07:53:11.228121+00:00 ansible-node systemd[1]: Starting helpdesk-dr-backup-mirror.service - Helios DR backup mirror from the primary S3 bucket...
2026-09-08T07:53:19.468535+00:00 ansible-node helpdesk-dr[275581]: sort: write failed: 'standard output': Broken pipe
2026-09-08T07:53:19.468535+00:00 ansible-node helpdesk-dr[275581]: sort: write error
2026-09-08T07:53:21.095378+00:00 ansible-node helpdesk-dr[275513]: Mirrored 20260908T075201Z.dump
2026-09-08T07:53:21.101460+00:00 ansible-node helpdesk-dr[275513]: Pruned 20260908T074801Z.dump
2026-09-08T07:53:21.102986+00:00 ansible-node helpdesk-dr[275513]: Mirror sync complete: kept the newest 2 backup(s) in /srv/helpdesk-dr-mirror/postgres.
2026-09-08T07:53:21.104188+00:00 ansible-node systemd[1]: helpdesk-dr-backup-mirror.service: Deactivated successfully.
2026-09-08T07:53:21.104369+00:00 ansible-node systemd[1]: Finished helpdesk-dr-backup-mirror.service - Helios DR backup mirror from the primary S3 bucket.
2026-09-08T07:53:21.104533+00:00 ansible-node systemd[1]: helpdesk-dr-backup-mirror.service: Consumed 4.125s CPU time.
2026-09-08T07:55:12.396217+00:00 ansible-node systemd[1]: Starting helpdesk-dr-backup-mirror.service - Helios DR backup mirror from the primary S3 bucket...
2026-09-08T07:55:22.536689+00:00 ansible-node helpdesk-dr[275894]: sort: write failed: 'standard output': Broken pipe
2026-09-08T07:55:22.536689+00:00 ansible-node helpdesk-dr[275894]: sort: write error
2026-09-08T07:55:24.458279+00:00 ansible-node helpdesk-dr[275826]: Mirrored 20260908T075400Z.dump
2026-09-08T07:55:24.466311+00:00 ansible-node helpdesk-dr[275826]: Pruned 20260908T075001Z.dump
2026-09-08T07:55:24.468074+00:00 ansible-node helpdesk-dr[275826]: Mirror sync complete: kept the newest 2 backup(s) in /srv/helpdesk-dr-mirror/postgres.
2026-09-08T07:55:24.469765+00:00 ansible-node systemd[1]: helpdesk-dr-backup-mirror.service: Deactivated successfully.
2026-09-08T07:55:24.469919+00:00 ansible-node systemd[1]: Finished helpdesk-dr-backup-mirror.service - Helios DR backup mirror from the primary S3 bucket.
2026-09-08T07:55:24.470382+00:00 ansible-node systemd[1]: helpdesk-dr-backup-mirror.service: Consumed 4.756s CPU time.
2026-09-08T07:57:13.632116+00:00 ansible-node systemd[1]: Starting helpdesk-dr-backup-mirror.service - Helios DR backup mirror from the primary S3 bucket...
2026-09-08T07:57:24.339376+00:00 ansible-node helpdesk-dr[276205]: sort: write failed: 'standard output': Broken pipe
2026-09-08T07:57:24.339376+00:00 ansible-node helpdesk-dr[276205]: sort: write error
2026-09-08T07:57:26.527538+00:00 ansible-node helpdesk-dr[276137]: Mirrored 20260908T075801Z.dump
2026-09-08T07:57:28.493054+00:00 ansible-node helpdesk-dr[276137]: Mirrored 20260908T075601Z.dump
2026-09-08T07:57:28.497360+00:00 ansible-node helpdesk-dr[276137]: Pruned 20260908T075400Z.dump
2026-09-08T07:57:28.499014+00:00 ansible-node helpdesk-dr[276137]: Pruned 20260908T075201Z.dump
2026-09-08T07:57:28.500838+00:00 ansible-node helpdesk-dr[276137]: Mirror sync complete: kept the newest 2 backup(s) in /srv/helpdesk-dr-mirror/postgres.
2026-09-08T07:57:28.501909+00:00 ansible-node systemd[1]: helpdesk-dr-backup-mirror.service: Deactivated successfully.
2026-09-08T07:57:28.502039+00:00 ansible-node systemd[1]: Finished helpdesk-dr-backup-mirror.service - Helios DR backup mirror from the primary S3 bucket.
2026-09-08T07:57:28.502231+00:00 ansible-node systemd[1]: helpdesk-dr-backup-mirror.service: Consumed 5.547s CPU time.
2026-09-08T07:59:14.592134+00:00 ansible-node systemd[1]: Starting helpdesk-dr-backup-mirror.service - Helios DR backup mirror from the primary S3 bucket...
2026-09-08T08:00:01.961496+00:00 ansible-node helpdesk-dr[276487]: Cannot list s3://reverse-dr-poc-backup-559672250868-eu-south-1/postgres/; mirror left untouched.
2026-09-08T08:00:01.962451+00:00 ansible-node helpdesk-dr[285002]: aws: [ERROR]: Read timeout on endpoint URL: "https://s3.eu-south-1.amazonaws.com/reverse-dr-poc-backup-559672250868-eu-south-1?list-type=2&prefix=postgres%2F&encoding-type=url"
2026-09-08T08:00:01.964311+00:00 ansible-node systemd[1]: helpdesk-dr-backup-mirror.service: Main process exited, code=exited, status=1/FAILURE
2026-09-08T08:00:01.964384+00:00 ansible-node systemd[1]: helpdesk-dr-backup-mirror.service: Failed with result 'exit-code'.
2026-09-08T08:00:01.964726+00:00 ansible-node systemd[1]: Failed to start helpdesk-dr-backup-mirror.service - Helios DR backup mirror from the primary S3 bucket.
2026-09-08T08:01:24.140069+00:00 ansible-node systemd[1]: Starting helpdesk-dr-backup-mirror.service - Helios DR backup mirror from the primary S3 bucket...
2026-09-08T08:01:53.285258+00:00 ansible-node helpdesk-dr[290603]: Cannot list s3://reverse-dr-poc-backup-559672250868-eu-south-1/postgres/; mirror left untouched.
2026-09-08T08:01:53.286259+00:00 ansible-node helpdesk-dr[290665]: aws: [ERROR]: Read timeout on endpoint URL: "https://s3.eu-south-1.amazonaws.com/reverse-dr-poc-backup-559672250868-eu-south-1?list-type=2&prefix=postgres%2F&encoding-type=url"
2026-09-08T08:01:53.287955+00:00 ansible-node systemd[1]: helpdesk-dr-backup-mirror.service: Main process exited, code=exited, status=1/FAILURE
2026-09-08T08:01:53.288030+00:00 ansible-node systemd[1]: helpdesk-dr-backup-mirror.service: Failed with result 'exit-code'.
2026-09-08T08:01:53.288210+00:00 ansible-node systemd[1]: Failed to start helpdesk-dr-backup-mirror.service - Helios DR backup mirror from the primary S3 bucket.
