2026-09-08T09:28:12.156975+00:00 ansible-node env[268505]: public Terna primary ready; lab DNS remains primary (cutback is manual)
2026-09-08T09:28:32.392997+00:00 ansible-node env[268505]: public Terna primary ready; lab DNS remains primary (cutback is manual)
2026-09-08T09:28:52.696442+00:00 ansible-node env[268505]: public Terna primary ready; lab DNS remains primary (cutback is manual)
2026-09-08T09:29:12.921134+00:00 ansible-node env[268505]: public Terna primary ready; lab DNS remains primary (cutback is manual)
2026-09-08T09:29:33.163650+00:00 ansible-node env[268505]: public Terna primary ready; lab DNS remains primary (cutback is manual)
2026-09-08T09:29:53.404151+00:00 ansible-node env[268505]: public Terna primary ready; lab DNS remains primary (cutback is manual)
2026-09-08T09:30:13.628883+00:00 ansible-node env[268505]: public Terna primary ready; lab DNS remains primary (cutback is manual)
2026-09-08T09:30:33.876704+00:00 ansible-node env[268505]: public Terna primary ready; lab DNS remains primary (cutback is manual)
2026-09-08T09:30:54.106258+00:00 ansible-node env[268505]: public Terna primary ready; lab DNS remains primary (cutback is manual)
2026-09-08T09:31:14.329989+00:00 ansible-node env[268505]: public Terna primary ready; lab DNS remains primary (cutback is manual)
2026-09-08T09:31:34.572030+00:00 ansible-node env[268505]: public Terna primary ready; lab DNS remains primary (cutback is manual)
2026-09-08T09:31:54.800780+00:00 ansible-node env[268505]: public Terna primary ready; lab DNS remains primary (cutback is manual)
2026-09-08T09:32:15.062099+00:00 ansible-node env[268505]: public Terna primary ready; lab DNS remains primary (cutback is manual)
2026-09-08T09:32:35.311858+00:00 ansible-node env[268505]: public Terna primary ready; lab DNS remains primary (cutback is manual)
2026-09-08T09:32:55.588200+00:00 ansible-node env[268505]: public Terna primary ready; lab DNS remains primary (cutback is manual)
2026-09-08T09:33:15.905673+00:00 ansible-node env[268505]: public Terna primary ready; lab DNS remains primary (cutback is manual)
2026-09-08T09:33:36.152804+00:00 ansible-node env[268505]: public Terna primary ready; lab DNS remains primary (cutback is manual)
2026-09-08T09:33:56.179144+00:00 ansible-node env[301084]: The public DNS resolver returned no valid IPv4 address for www.terna.it.
2026-09-08T09:33:56.184060+00:00 ansible-node env[268505]: public Terna primary unavailable (1/3)
2026-09-08T09:34:16.201304+00:00 ansible-node env[301111]: The public DNS resolver returned no valid IPv4 address for www.terna.it.
2026-09-08T09:34:16.206251+00:00 ansible-node env[268505]: public Terna primary unavailable (2/3)
2026-09-08T09:34:36.231319+00:00 ansible-node env[301147]: The public DNS resolver returned no valid IPv4 address for www.terna.it.
2026-09-08T09:34:36.236315+00:00 ansible-node env[268505]: public Terna primary unavailable (3/3)
2026-09-08T09:34:36.488282+00:00 ansible-node env[301158]: cmd_run.go:1594: WARNING: cannot create user data directory: cannot create snap home dir: mkdir /root/snap: read-only file system
2026-09-08T09:34:37.085114+00:00 ansible-node env[301214]: cmd_run.go:1594: WARNING: cannot create user data directory: cannot create snap home dir: mkdir /root/snap: read-only file system
2026-09-08T09:34:37.394414+00:00 ansible-node env[301272]: cmd_run.go:1594: WARNING: cannot create user data directory: cannot create snap home dir: mkdir /root/snap: read-only file system
2026-09-08T09:34:37.713078+00:00 ansible-node env[301329]: cmd_run.go:1594: WARNING: cannot create user data directory: cannot create snap home dir: mkdir /root/snap: read-only file system
2026-09-08T09:34:38.052049+00:00 ansible-node env[301384]: cmd_run.go:1594: WARNING: cannot create user data directory: cannot create snap home dir: mkdir /root/snap: read-only file system
2026-09-08T09:34:38.363804+00:00 ansible-node env[301438]: cmd_run.go:1594: WARNING: cannot create user data directory: cannot create snap home dir: mkdir /root/snap: read-only file system
2026-09-08T09:34:38.666633+00:00 ansible-node env[301493]: cmd_run.go:1594: WARNING: cannot create user data directory: cannot create snap home dir: mkdir /root/snap: read-only file system
2026-09-08T09:34:39.274294+00:00 ansible-node env[301551]: PLAY [Activate the lab-only Terna static DR DNS zone] **************************
2026-09-08T09:34:39.274294+00:00 ansible-node env[301551]: TASK [Freeze snapshots before the local DNS override] **************************
2026-09-08T09:34:39.480614+00:00 ansible-node python3[301580]: ansible-ansible.legacy.command Invoked with argv=['lxc', 'exec', 'k3s-datacenter', '--', 'touch', '/srv/terna-static-dr/static/dr-active'] _uses_shell=False expand_argument_vars=True stdin_add_newline=True strip_empty_ends=True _raw_params=None chdir=None executable=None creates=None removes=None stdin=None
2026-09-08T09:34:39.844268+00:00 ansible-node env[301551]: changed: [localhost]
2026-09-08T09:34:39.844268+00:00 ansible-node env[301551]: TASK [Render the authoritative lab zone locally] *******************************
2026-09-08T09:34:40.013943+00:00 ansible-node python3[301658]: ansible-ansible.legacy.stat Invoked with path=/var/lib/terna-static-dr/db.terna.it follow=False get_checksum=True checksum_algorithm=sha1 get_mime=True get_attributes=True
2026-09-08T09:34:40.226821+00:00 ansible-node python3[301672]: ansible-ansible.legacy.copy Invoked with dest=/var/lib/terna-static-dr/db.terna.it mode=0600 src=/var/lib/terna-static-dr/.ansible/tmp/ansible-tmp-1788860079.8603933-301640-36469453440392/source _original_basename=tmpv2ly99cb follow=False checksum=931d9b37f4bc3e0b6609fba9068a3de5f0d3076c backup=False force=True unsafe_writes=False content=NOT_LOGGING_PARAMETER validate=None directory_mode=None remote_src=None local_follow=None owner=None group=None seuser=None serole=None selevel=None setype=None attributes=None
2026-09-08T09:34:40.243976+00:00 ansible-node env[301551]: changed: [localhost]
2026-09-08T09:34:40.243976+00:00 ansible-node env[301551]: TASK [Ensure the BIND zone directory exists] ***********************************
2026-09-08T09:34:40.371594+00:00 ansible-node python3[301694]: ansible-ansible.legacy.command Invoked with argv=['lxc', 'exec', 'server-dns', '--', 'install', '-d', '-m', '0755', '/etc/bind/zones'] _uses_shell=False expand_argument_vars=True stdin_add_newline=True strip_empty_ends=True _raw_params=None chdir=None executable=None creates=None removes=None stdin=None
2026-09-08T09:34:40.708764+00:00 ansible-node env[301551]: changed: [localhost]
2026-09-08T09:34:40.708764+00:00 ansible-node env[301551]: TASK [Copy the validated zone file into server-dns] ****************************
2026-09-08T09:34:40.839117+00:00 ansible-node python3[301771]: ansible-ansible.legacy.command Invoked with argv=['lxc', 'file', 'push', '/var/lib/terna-static-dr/db.terna.it', 'server-dns/etc/bind/zones/db.terna.it', '--mode=0644', '--uid=0', '--gid=0'] _uses_shell=False expand_argument_vars=True stdin_add_newline=True strip_empty_ends=True _raw_params=None chdir=None executable=None creates=None removes=None stdin=None
2026-09-08T09:34:41.166839+00:00 ansible-node env[301551]: changed: [localhost]
2026-09-08T09:34:41.166839+00:00 ansible-node env[301551]: TASK [Register and validate the lab-only BIND zone] ****************************
2026-09-08T09:34:41.296861+00:00 ansible-node python3[301844]: ansible-ansible.legacy.command Invoked with executable=/bin/bash _raw_params=set -euo pipefail
                                                               lxc exec server-dns -- bash -lc 'grep -q "zone \"terna.it\"" /etc/bind/named.conf.local || cat >>/etc/bind/named.conf.local <<"EOF"
                                                               zone "terna.it" {
                                                                 type master;
                                                                 file "/etc/bind/zones/db.terna.it";
                                                               };
                                                               EOF'
                                                               lxc exec server-dns -- named-checkconf
                                                               lxc exec server-dns -- named-checkzone terna.it /etc/bind/zones/db.terna.it
                                                               lxc exec server-dns -- systemctl reload named
                                                                _uses_shell=True expand_argument_vars=True stdin_add_newline=True strip_empty_ends=True argv=None chdir=None creates=None removes=None stdin=None
2026-09-08T09:34:42.566262+00:00 ansible-node env[301551]: changed: [localhost]
2026-09-08T09:34:42.566262+00:00 ansible-node env[301551]: PLAY RECAP *********************************************************************
2026-09-08T09:34:42.566262+00:00 ansible-node env[301551]: localhost                  : ok=5    changed=5    unreachable=0    failed=0    skipped=0    rescued=0    ignored=0
2026-09-08T09:34:42.623341+00:00 ansible-node env[268505]: Lab DNS now resolves terna.it and www.terna.it to the static DR pod ingress.
2026-09-08T09:35:02.653402+00:00 ansible-node env[302095]: The public DNS resolver returned no valid IPv4 address for www.terna.it.
2026-09-08T09:35:02.660132+00:00 ansible-node env[268505]: public Terna primary unavailable (4/3)
2026-09-08T09:35:22.694313+00:00 ansible-node env[302124]: The public DNS resolver returned no valid IPv4 address for www.terna.it.
2026-09-08T09:35:22.701381+00:00 ansible-node env[268505]: public Terna primary unavailable (5/3)
2026-09-08T09:35:42.733722+00:00 ansible-node env[302151]: The public DNS resolver returned no valid IPv4 address for www.terna.it.
2026-09-08T09:35:42.739929+00:00 ansible-node env[268505]: public Terna primary unavailable (6/3)
2026-09-08T09:36:02.766681+00:00 ansible-node env[302211]: The public DNS resolver returned no valid IPv4 address for www.terna.it.
2026-09-08T09:36:02.772686+00:00 ansible-node env[268505]: public Terna primary unavailable (7/3)
2026-09-08T09:36:22.799331+00:00 ansible-node env[302247]: The public DNS resolver returned no valid IPv4 address for www.terna.it.
2026-09-08T09:36:22.804312+00:00 ansible-node env[268505]: public Terna primary unavailable (8/3)
2026-09-08T09:36:42.830533+00:00 ansible-node env[302274]: The public DNS resolver returned no valid IPv4 address for www.terna.it.
2026-09-08T09:36:42.835473+00:00 ansible-node env[268505]: public Terna primary unavailable (9/3)
