2026-09-08T09:28:12.156975+00:00 ansible-node env[268505]: public Terna primary ready; lab DNS remains primary (cutback is manual)
2026-09-08T09:28:32.392997+00:00 ansible-node env[268505]: public Terna primary ready; lab DNS remains primary (cutback is manual)
2026-09-08T09:28:52.696442+00:00 ansible-node env[268505]: public Terna primary ready; lab DNS remains primary (cutback is manual)
2026-09-08T09:29:12.921134+00:00 ansible-node env[268505]: public Terna primary ready; lab DNS remains primary (cutback is manual)
2026-09-08T09:29:33.163650+00:00 ansible-node env[268505]: public Terna primary ready; lab DNS remains primary (cutback is manual)
2026-09-08T09:29:53.404151+00:00 ansible-node env[268505]: public Terna primary ready; lab DNS remains primary (cutback is manual)
2026-09-08T09:30:13.628883+00:00 ansible-node env[268505]: public Terna primary ready; lab DNS remains primary (cutback is manual)
2026-09-08T09:30:33.876704+00:00 ansible-node env[268505]: public Terna primary ready; lab DNS remains primary (cutback is manual)
2026-09-08T09:30:54.106258+00:00 ansible-node env[268505]: public Terna primary ready; lab DNS remains primary (cutback is manual)
2026-09-08T09:31:14.329989+00:00 ansible-node env[268505]: public Terna primary ready; lab DNS remains primary (cutback is manual)
2026-09-08T09:31:34.572030+00:00 ansible-node env[268505]: public Terna primary ready; lab DNS remains primary (cutback is manual)
2026-09-08T09:31:54.800780+00:00 ansible-node env[268505]: public Terna primary ready; lab DNS remains primary (cutback is manual)
2026-09-08T09:32:15.062099+00:00 ansible-node env[268505]: public Terna primary ready; lab DNS remains primary (cutback is manual)
2026-09-08T09:32:35.311858+00:00 ansible-node env[268505]: public Terna primary ready; lab DNS remains primary (cutback is manual)
2026-09-08T09:32:55.588200+00:00 ansible-node env[268505]: public Terna primary ready; lab DNS remains primary (cutback is manual)
2026-09-08T09:33:15.905673+00:00 ansible-node env[268505]: public Terna primary ready; lab DNS remains primary (cutback is manual)
2026-09-08T09:33:36.152804+00:00 ansible-node env[268505]: public Terna primary ready; lab DNS remains primary (cutback is manual)
2026-09-08T09:33:56.184060+00:00 ansible-node env[268505]: public Terna primary unavailable (1/3)
2026-09-08T09:34:16.206251+00:00 ansible-node env[268505]: public Terna primary unavailable (2/3)
2026-09-08T09:34:36.236315+00:00 ansible-node env[268505]: public Terna primary unavailable (3/3)
2026-09-08T09:34:39.274294+00:00 ansible-node env[301551]: PLAY [Activate the lab-only Terna static DR DNS zone] **************************
2026-09-08T09:34:39.274294+00:00 ansible-node env[301551]: TASK [Freeze snapshots before the local DNS override] **************************
2026-09-08T09:34:39.844268+00:00 ansible-node env[301551]: TASK [Render the authoritative lab zone locally] *******************************
2026-09-08T09:34:40.243976+00:00 ansible-node env[301551]: TASK [Ensure the BIND zone directory exists] ***********************************
2026-09-08T09:34:40.708764+00:00 ansible-node env[301551]: TASK [Copy the validated zone file into server-dns] ****************************
2026-09-08T09:34:41.166839+00:00 ansible-node env[301551]: TASK [Register and validate the lab-only BIND zone] ****************************
2026-09-08T09:34:42.566262+00:00 ansible-node env[301551]: PLAY RECAP *********************************************************************
2026-09-08T09:34:42.566262+00:00 ansible-node env[301551]: localhost                  : ok=5    changed=5    unreachable=0    failed=0    skipped=0    rescued=0    ignored=0
2026-09-08T09:34:42.623341+00:00 ansible-node env[268505]: Lab DNS now resolves terna.it and www.terna.it to the static DR pod ingress.
2026-09-08T09:35:02.660132+00:00 ansible-node env[268505]: public Terna primary unavailable (4/3)
2026-09-08T09:35:22.701381+00:00 ansible-node env[268505]: public Terna primary unavailable (5/3)
2026-09-08T09:35:42.739929+00:00 ansible-node env[268505]: public Terna primary unavailable (6/3)
2026-09-08T09:36:02.772686+00:00 ansible-node env[268505]: public Terna primary unavailable (7/3)
2026-09-08T09:36:22.804312+00:00 ansible-node env[268505]: public Terna primary unavailable (8/3)
2026-09-08T09:36:42.835473+00:00 ansible-node env[268505]: public Terna primary unavailable (9/3)
